G__39858$jscomp$inline_1684:oD
G__39859$jscomp$inline_1685:pD
G__39860$jscomp$inline_1686:qD
JSCompiler_StaticMethods_assoc_BANG_:Jg
JSCompiler_StaticMethods_cljs$core$IMultiFn$_add_method$arity$3:Sh
JSCompiler_StaticMethods_cljs$core$IMultiFn$_get_method$arity$2:Rh
JSCompiler_StaticMethods_cljs$core$ITransientVector$_assoc_n_BANG_$arity$3:Kf
JSCompiler_StaticMethods_markAsRemoved:iy
JSCompiler_StaticMethods_re_frame$router$IEventQueue$_call_post_event_callbacks$arity$2:Xy
JSCompiler_StaticMethods_re_frame$router$IEventQueue$_fsm_trigger$arity$3:Ty
JSCompiler_StaticMethods_re_frame$router$IEventQueue$_pause$arity$2:Wy
JSCompiler_StaticMethods_re_frame$router$IEventQueue$_process_1st_event_in_queue$arity$1:Uy
JSCompiler_StaticMethods_re_frame$router$IEventQueue$_run_next_tick$arity$1:Vy
JSCompiler_StaticMethods_re_frame$router$IEventQueue$_run_queue$arity$1:Sy
JSCompiler_StaticMethods_removeByKey:ly
JSCompiler_StaticMethods_sval:Xd
JSCompiler_inline_result$jscomp$6:ra
JSCompiler_prototypeAlias:g
L 0:a
L 1:b
L 10:q
L 11:u
L 12:v
L 13:x
L 14:E
L 15:H
L 16:G
L 17:P
L 18:Z
L 19:ja
L 2:c
L 20:va
L 21:Za
L 22:Zf
L 3:d
L 4:e
L 5:f
L 6:h
L 7:l
L 8:m
L 9:p
c__5568__auto___39857$jscomp$inline_1683:nD
cached_hierarchy__5645__auto__$jscomp$inline_1547:Nz
cached_hierarchy__5645__auto__$jscomp$inline_1567:kA
cached_hierarchy__5645__auto__$jscomp$inline_1579:GA
chunk__39561_39843$jscomp$inline_1676:gD
cljc$java_time$instant$of_epoch_milli:xB
cljc$java_time$temporal$chrono_field$aligned_day_of_week_in_month:JB
cljc$java_time$temporal$chrono_field$aligned_day_of_week_in_year:ZB
cljc$java_time$temporal$chrono_field$aligned_week_of_month:VB
cljc$java_time$temporal$chrono_field$aligned_week_of_year:OB
cljc$java_time$temporal$chrono_field$ampm_of_day:FB
cljc$java_time$temporal$chrono_field$clock_hour_of_ampm:XB
cljc$java_time$temporal$chrono_field$clock_hour_of_day:CB
cljc$java_time$temporal$chrono_field$day_of_month:QB
cljc$java_time$temporal$chrono_field$day_of_week:WB
cljc$java_time$temporal$chrono_field$day_of_year:UB
cljc$java_time$temporal$chrono_field$epoch_day:TB
cljc$java_time$temporal$chrono_field$era:DB
cljc$java_time$temporal$chrono_field$hour_of_ampm:LB
cljc$java_time$temporal$chrono_field$hour_of_day:aC
cljc$java_time$temporal$chrono_field$instant_seconds:EB
cljc$java_time$temporal$chrono_field$micro_of_day:cC
cljc$java_time$temporal$chrono_field$micro_of_second:NB
cljc$java_time$temporal$chrono_field$milli_of_day:bC
cljc$java_time$temporal$chrono_field$milli_of_second:AB
cljc$java_time$temporal$chrono_field$minute_of_day:YB
cljc$java_time$temporal$chrono_field$minute_of_hour:$B
cljc$java_time$temporal$chrono_field$month_of_year:KB
cljc$java_time$temporal$chrono_field$nano_of_day:IB
cljc$java_time$temporal$chrono_field$nano_of_second:HB
cljc$java_time$temporal$chrono_field$offset_seconds:GB
cljc$java_time$temporal$chrono_field$proleptic_month:PB
cljc$java_time$temporal$chrono_field$second_of_day:SB
cljc$java_time$temporal$chrono_field$second_of_minute:RB
cljc$java_time$temporal$chrono_field$year:MB
cljc$java_time$temporal$chrono_field$year_of_era:BB
cljc$java_time$temporal$chrono_unit$centuries:lC
cljc$java_time$temporal$chrono_unit$days:kC
cljc$java_time$temporal$chrono_unit$decades:jC
cljc$java_time$temporal$chrono_unit$eras:oC
cljc$java_time$temporal$chrono_unit$forever:sC
cljc$java_time$temporal$chrono_unit$half_days:gC
cljc$java_time$temporal$chrono_unit$hours:nC
cljc$java_time$temporal$chrono_unit$micros:fC
cljc$java_time$temporal$chrono_unit$millennia:hC
cljc$java_time$temporal$chrono_unit$millis:dC
cljc$java_time$temporal$chrono_unit$minutes:eC
cljc$java_time$temporal$chrono_unit$months:qC
cljc$java_time$temporal$chrono_unit$nanos:rC
cljc$java_time$temporal$chrono_unit$seconds:pC
cljc$java_time$temporal$chrono_unit$weeks:mC
cljc$java_time$temporal$chrono_unit$years:iC
cljs:xa
cljs$core:ya
cljs$core$ArrayChunk:Zd
cljs$core$ArrayNode:sg
cljs$core$ArrayNodeIterator:wg
cljs$core$ArrayNodeSeq:Dg
cljs$core$Atom:Ge
cljs$core$BitmapIndexedNode:og
cljs$core$BitmapIndexedNode$EMPTY:rg
cljs$core$Box:ig
cljs$core$ChunkBuffer:Yd
cljs$core$ChunkedCons:ae
cljs$core$ChunkedSeq:Df
cljs$core$Cons:Rd
cljs$core$ES6EntriesIterator:Tf
cljs$core$ES6Iterator:Cc
cljs$core$ES6IteratorSeq:Ec
cljs$core$ES6SetEntriesIterator:Uf
cljs$core$EmptyList:Pd
cljs$core$ExceptionInfo:Uh
cljs$core$Fn:Ta
cljs$core$HashCollisionNode:Ag
cljs$core$HashMapIter:Fg
cljs$core$HashSetIter:Qg
cljs$core$IAssociative:mb
cljs$core$ICollection:$a
cljs$core$ICounted:Va
cljs$core$IEmptyableCollection:Xa
cljs$core$IEncodeJS:yh
cljs$core$IFn:Ua
cljs$core$IIndexed:bb
cljs$core$IIndexed$_nth$dyn_38223:db
cljs$core$IIterable:jc
cljs$core$IKVReduce:Hb
cljs$core$IList:Ob
cljs$core$ILookup:jb
cljs$core$ILookup$_lookup$dyn_38229:lb
cljs$core$IMap:qb
cljs$core$IMeta:Bb
cljs$core$INIT:ve
cljs$core$INext:hb
cljs$core$IPrintWithWriter:Tb
cljs$core$IRecord:Pb
cljs$core$IReduce:Eb
cljs$core$IReduce$_reduce$dyn_38251:Gb
cljs$core$IReversible:Qb
cljs$core$ISeq:eb
cljs$core$ISeqable:Lb
cljs$core$ISequential:Nb
cljs$core$ISet:ub
cljs$core$ISwap$_swap_BANG_$dyn_38301:ic
cljs$core$ITER_SYMBOL:Ma
cljs$core$IVector:yb
cljs$core$IndexedSeq:B
cljs$core$IndexedSeqIterator:Wc
cljs$core$IntegerRange:ah
cljs$core$IntegerRangeChunk:Zg
cljs$core$KeySeq:Kg
cljs$core$Keyword:F
cljs$core$LazySeq:Wd
cljs$core$List:ed
cljs$core$List$EMPTY:Bc
cljs$core$MapEntry:rf
cljs$core$MetaFn:kd
cljs$core$MultiFn:Ph
cljs$core$NeverEquiv:Pf
cljs$core$NodeIterator:ng
cljs$core$NodeSeq:Bg
cljs$core$PROTOCOL_SENTINEL:r
cljs$core$PersistentArrayMap:t
cljs$core$PersistentArrayMap$EMPTY:se
cljs$core$PersistentArrayMap$HASHMAP_THRESHOLD:bg
cljs$core$PersistentArrayMap$createAsIfByAssoc:hd
cljs$core$PersistentArrayMap$createAsIfByAssocComplexPath:gg
cljs$core$PersistentArrayMapIterator:Xf
cljs$core$PersistentArrayMapSeq:Wf
cljs$core$PersistentHashMap:Gg
cljs$core$PersistentHashMap$EMPTY:cg
cljs$core$PersistentHashMap$fromArrays:Ig
cljs$core$PersistentHashSet:Rg
cljs$core$PersistentHashSet$EMPTY:Tg
cljs$core$PersistentHashSet$createAsIfByAssoc:Ug
cljs$core$PersistentQueue:Nf
cljs$core$PersistentQueue$EMPTY:Of
cljs$core$PersistentQueueIter:Lf
cljs$core$PersistentQueueSeq:Mf
cljs$core$PersistentVector:W
cljs$core$PersistentVector$EMPTY:dd
cljs$core$PersistentVector$EMPTY_NODE:X
cljs$core$PersistentVector$fromArray:xf
cljs$core$RSeq:Xc
cljs$core$Range:bh
cljs$core$RangeIterator:$g
cljs$core$RangedIterator:nf
cljs$core$RecordIter:Sf
cljs$core$Reduced:Kc
cljs$core$Repeat:Pe
cljs$core$START:we
cljs$core$SeqIter:xe
cljs$core$StringBufferWriter:lc
cljs$core$Subvec:Ff
cljs$core$Symbol:C
cljs$core$TransientArrayMap:ag
cljs$core$TransientHashMap:Hg
cljs$core$TransientHashSet:Sg
cljs$core$TransientVector:sf
cljs$core$UUID:Th
cljs$core$ValSeq:Lg
cljs$core$VectorNode:bf
cljs$core$_EQ_:M
cljs$core$_STAR_print_level_STAR_:Aa
cljs$core$__destructure_map:re
cljs$core$_add_watch:Vb
cljs$core$_as_transient:Yb
cljs$core$_assoc:ob
cljs$core$_assoc_BANG_:ac
cljs$core$_assoc_n:zb
cljs$core$_chunked_first:cc
cljs$core$_chunked_rest:dc
cljs$core$_clj__GT_js:zh
cljs$core$_conj:ab
cljs$core$_conj_BANG_:Zb
cljs$core$_contains_key_QMARK_:nb
cljs$core$_count:Wa
cljs$core$_deref:Ab
cljs$core$_disjoin:vb
cljs$core$_dissoc:rb
cljs$core$_drop_first:bc
cljs$core$_empty:Ya
cljs$core$_equiv:Jb
cljs$core$_find:pb
cljs$core$_first:fb
cljs$core$_global_hierarchy:Dh
cljs$core$_hash:Kb
cljs$core$_indexOf$cljs$0core$0IFn$0_invoke$0arity$03:N
cljs$core$_iterator:kc
cljs$core$_key:sb
cljs$core$_kv_reduce:Ib
cljs$core$_lastIndexOf$cljs$0core$0IFn$0_invoke$0arity$03:Q
cljs$core$_lookup:kb
cljs$core$_meta:Cb
cljs$core$_name:ec
cljs$core$_namespace:fc
cljs$core$_next:ib
cljs$core$_nth:cb
cljs$core$_peek:wb
cljs$core$_persistent_BANG_:$b
cljs$core$_pop:xb
cljs$core$_pr_writer:Ub
cljs$core$_reduce:Fb
cljs$core$_remove_watch:Xb
cljs$core$_reset_BANG_:gc
cljs$core$_rest:gb
cljs$core$_rseq:Rb
cljs$core$_seq:Mb
cljs$core$_swap_BANG_:hc
cljs$core$_val:tb
cljs$core$_with_meta:Db
cljs$core$_write:Sb
cljs$core$aclone:Na
cljs$core$apply:ld
cljs$core$apply$cljs$0core$0IFn$0_invoke$0arity$02:me
cljs$core$apply$cljs$0core$0IFn$0_invoke$0arity$03:ne
cljs$core$apply$cljs$0core$0IFn$0_invoke$0arity$04:oe
cljs$core$apply$cljs$0core$0IFn$0_invoke$0arity$05:pe
cljs$core$apply$cljs$0core$0IFn$0_invoke$0arity$0variadic:qe
cljs$core$apply_to:ge
cljs$core$apply_to_simple$cljs$0core$0IFn$0_invoke$0arity$03:ie
cljs$core$apply_to_simple$cljs$0core$0IFn$0_invoke$0arity$04:je
cljs$core$apply_to_simple$cljs$0core$0IFn$0_invoke$0arity$05:ke
cljs$core$apply_to_simple$cljs$0core$0IFn$0_invoke$0arity$06:le
cljs$core$array_QMARK_:Ia
cljs$core$array__GT_transient_hash_map:hg
cljs$core$array_copy:yd
cljs$core$array_for:kf
cljs$core$array_index_of:Vf
cljs$core$array_reduce$cljs$0core$0IFn$0_invoke$0arity$02:Pc
cljs$core$array_reduce$cljs$0core$0IFn$0_invoke$0arity$03:Qc
cljs$core$array_reduce$cljs$0core$0IFn$0_invoke$0arity$04:Rc
cljs$core$assoc:U
cljs$core$assoc_in:Ze
cljs$core$atom$cljs$0core$0IFn$0_invoke$0arity$01:He
cljs$core$bit_count:Nd
cljs$core$boolean$0:Bd
cljs$core$bounded_count:de
cljs$core$build_subvec:Gf
cljs$core$butlast:Wg
cljs$core$char_escapes:jh
cljs$core$chunk_append:ce
cljs$core$chunk_buffer:$d
cljs$core$chunk_cons:be
cljs$core$chunked_seq:wf
cljs$core$chunked_seq$cljs$0core$0IFn$0_invoke$0arity$04:vf
cljs$core$chunked_seq$cljs$0core$0IFn$0_invoke$0arity$05:Ef
cljs$core$chunked_seq_QMARK_:xd
cljs$core$ci_reduce$cljs$0core$0IFn$0_invoke$0arity$02:Nc
cljs$core$ci_reduce$cljs$0core$0IFn$0_invoke$0arity$03:Oc
cljs$core$clj__GT_js:Bh
cljs$core$clone_and_set$cljs$0core$0IFn$0_invoke$0arity$03:jg
cljs$core$coll_QMARK_:rd
cljs$core$complement:Ae
cljs$core$concat:fe
cljs$core$conj:cd
cljs$core$cons:R
cljs$core$contains_QMARK_:Ed
cljs$core$count:O
cljs$core$counted_QMARK_:Sc
cljs$core$create_array_node_seq:yg
cljs$core$create_array_node_seq$cljs$0core$0IFn$0_invoke$0arity$01:xg
cljs$core$create_array_node_seq$cljs$0core$0IFn$0_invoke$0arity$03:Eg
cljs$core$create_inode_seq:qg
cljs$core$create_inode_seq$cljs$0core$0IFn$0_invoke$0arity$01:pg
cljs$core$create_inode_seq$cljs$0core$0IFn$0_invoke$0arity$03:Cg
cljs$core$create_node:ug
cljs$core$create_node$cljs$0core$0IFn$0_invoke$0arity$06:vg
cljs$core$create_node$cljs$0core$0IFn$0_invoke$0arity$07:tg
cljs$core$deref:Mc
cljs$core$disj:pd
cljs$core$dissoc:id
cljs$core$do_assoc:lf
cljs$core$doall$cljs$0core$0IFn$0_invoke$0arity$01:dh
cljs$core$dominates:Mh
cljs$core$drop$cljs$0core$0IFn$0_invoke$0arity$02:Le
cljs$core$drop_last$cljs$0core$0IFn$0_invoke$0arity$02:Me
cljs$core$drop_while$cljs$0core$0IFn$0_invoke$0arity$02:Ne
cljs$core$edit_and_set$cljs$0core$0IFn$0_invoke$0arity$04:lg
cljs$core$empty:fd
cljs$core$empty_QMARK_:qd
cljs$core$empty_ordered_hash:Gc
cljs$core$empty_unordered_hash:Ic
cljs$core$equiv_map:Rf
cljs$core$equiv_sequential:Yc
cljs$core$es6_iterator:Dc
cljs$core$es6_iterator_seq:zc
cljs$core$every_QMARK_:ye
cljs$core$ex_info$cljs$0core$0IFn$0_invoke$0arity$02:Vh
cljs$core$filter:Te
cljs$core$find_and_cache_best_method:Nh
cljs$core$first:J
cljs$core$flatten:We
cljs$core$fn_QMARK_:jd
cljs$core$fnil$cljs$0core$0IFn$0_invoke$0arity$02:Ce
cljs$core$gensym$cljs$0core$0IFn$0_invoke$0arity$01:xh
cljs$core$gensym_counter:wh
cljs$core$get:D
cljs$core$get_global_hierarchy:Eh
cljs$core$get_in$cljs$0core$0IFn$0_invoke$0arity$02:Ye
cljs$core$hash:vc
cljs$core$hash_collision_node_find_index:zg
cljs$core$hash_combine:wc
cljs$core$hash_ordered_coll:Fc
cljs$core$hash_string:uc
cljs$core$hash_unordered_coll:Hc
cljs$core$identity:Jd
cljs$core$ifn_QMARK_:Cd
cljs$core$imul:nc
cljs$core$inc:Jc
cljs$core$indexed_QMARK_:Tc
cljs$core$inode_kv_reduce:mg
cljs$core$integer_QMARK_:Dd
cljs$core$interleave:Re
cljs$core$into:De
cljs$core$into_array$cljs$0core$0IFn$0_invoke$0arity$02:Oa
cljs$core$isa_QMARK_$cljs$0core$0IFn$0_invoke$0arity$03:Ih
cljs$core$iter_reduce$cljs$0core$0IFn$0_invoke$0arity$02:Fd
cljs$core$iter_reduce$cljs$0core$0IFn$0_invoke$0arity$03:Gd
cljs$core$iterable_QMARK_:yc
cljs$core$js_invoke:Ra
cljs$core$js_invoke$cljs$0core$0IFn$0_invoke$0arity$0variadic:Sa
cljs$core$juxt$cljs$0core$0IFn$0_invoke$0arity$02:ch
cljs$core$keep$cljs$0core$0IFn$0_invoke$0arity$02:Fe
cljs$core$key:Af
cljs$core$key__GT_js$cljs$0core$0IFn$0_invoke$0arity$02:Ah
cljs$core$key_test:dg
cljs$core$keys:Yf
cljs$core$keyword:Ud
cljs$core$keyword_identical_QMARK_:Sd
cljs$core$last:bd
cljs$core$lift_ns:th
cljs$core$linear_traversal_nth$cljs$0core$0IFn$0_invoke$0arity$03:gd
cljs$core$list:Qd
cljs$core$list_QMARK_:Od
cljs$core$lookup_sentinel:zd
cljs$core$m3_fmix:qc
cljs$core$m3_hash_unencoded_chars:rc
cljs$core$m3_mix_H1:pc
cljs$core$m3_mix_K1:oc
cljs$core$map:V
cljs$core$map_QMARK_:ud
cljs$core$map_entry_QMARK_:zf
cljs$core$mapcat$cljs$0core$0IFn$0_invoke$0arity$0variadic:Se
cljs$core$max:Ld
cljs$core$max_key:Xg
cljs$core$merge:Mg
cljs$core$meta:nd
cljs$core$missing_protocol:z
cljs$core$name:Vd
cljs$core$namespace:Td
cljs$core$native_satisfies_QMARK_:y
cljs$core$never_equiv:Qf
cljs$core$new_path:ff
cljs$core$next:K
cljs$core$next_STAR_:he
cljs$core$nil_QMARK_:Ha
cljs$core$nil_iter:ue
cljs$core$not:Ja
cljs$core$not_empty:te
cljs$core$nth:Vc
cljs$core$nth$cljs$0core$0IFn$0_invoke$0arity$02:Uc
cljs$core$nth$cljs$0core$0IFn$0_invoke$0arity$03:T
cljs$core$pam_grow_seed_array:fg
cljs$core$pam_new_size:eg
cljs$core$parents$cljs$0core$0IFn$0_invoke$0arity$01:Jh
cljs$core$partial:Be
cljs$core$partition$cljs$0core$0IFn$0_invoke$0arity$03:Xe
cljs$core$peek:od
cljs$core$pop_tail:mf
cljs$core$pr_opts:Ba
cljs$core$pr_sequential_writer:gh
cljs$core$pr_str_STAR_:mc
cljs$core$pr_str_with_opts:rh
cljs$core$pr_writer:nh
cljs$core$pr_writer_impl:mh
cljs$core$prefers_STAR_:Lh
cljs$core$prim_seq$cljs$0core$0IFn$0_invoke$0arity$02:S
cljs$core$print_map:oh
cljs$core$print_meta_QMARK_:lh
cljs$core$print_prefix_map:uh
cljs$core$push_tail:gf
cljs$core$pv_clone_node:df
cljs$core$pv_fresh_node:cf
cljs$core$pv_reduce$cljs$0core$0IFn$0_invoke$0arity$04:pf
cljs$core$pv_reduce$cljs$0core$0IFn$0_invoke$0arity$05:qf
cljs$core$quot:Md
cljs$core$quote_string:kh
cljs$core$ranged_iterator:of
cljs$core$re_find:fh
cljs$core$re_matches:eh
cljs$core$record_QMARK_:vd
cljs$core$reduce:Qa
cljs$core$reduce$cljs$0core$0IFn$0_invoke$0arity$02:Hd
cljs$core$reduce$cljs$0core$0IFn$0_invoke$0arity$03:Pa
cljs$core$reduce_kv:Id
cljs$core$reduced_QMARK_:Lc
cljs$core$remove:Ue
cljs$core$remove_pair:kg
cljs$core$repeat$cljs$0core$0IFn$0_invoke$0arity$02:Qe
cljs$core$reset_BANG_:Ie
cljs$core$reset_cache:Kh
cljs$core$rest:Ac
cljs$core$select_keys:Ng
cljs$core$seq:I
cljs$core$seq_QMARK_:Ad
cljs$core$seq_reduce:$c
cljs$core$seq_reduce$cljs$0core$0IFn$0_invoke$0arity$02:Zc
cljs$core$seq_reduce$cljs$0core$0IFn$0_invoke$0arity$03:ad
cljs$core$sequential_QMARK_:td
cljs$core$set:Vg
cljs$core$set_QMARK_:sd
cljs$core$some:ze
cljs$core$spread:ee
cljs$core$str:A
cljs$core$string_hash_cache:sc
cljs$core$string_hash_cache_count:tc
cljs$core$strip_ns:sh
cljs$core$subvec:Hf
cljs$core$swap_BANG_:Je
cljs$core$symbol:xc
cljs$core$t_cljs$0core37090:za
cljs$core$tail_off:ef
cljs$core$take$cljs$0core$0IFn$0_invoke$0arity$02:Ke
cljs$core$take_while$cljs$0core$0IFn$0_invoke$0arity$02:Yg
cljs$core$throw_no_method_error:Oh
cljs$core$transduce$cljs$0core$0IFn$0_invoke$0arity$04:Kd
cljs$core$tree_seq:Ve
cljs$core$truth_:w
cljs$core$tv_editable_root:tf
cljs$core$tv_editable_tail:uf
cljs$core$tv_ensure_editable:If
cljs$core$tv_push_tail:Jf
cljs$core$type:Ka
cljs$core$type__GT_str:La
cljs$core$unchecked_array_for:jf
cljs$core$update:af
cljs$core$update_in:$e
cljs$core$val:Bf
cljs$core$vals:$f
cljs$core$vec:yf
cljs$core$vector:Cf
cljs$core$vector_QMARK_:wd
cljs$core$vector_index_out_of_bounds:hf
cljs$core$with_meta:md
cljs$core$write_all$cljs$0core$0IFn$0_invoke$0arity$0variadic:ih
cljs$cst$keyword$0:Pm
cljs$cst$keyword$0_DOT_3:Uq
cljs$cst$keyword$0_DOT_5em:lq
cljs$cst$keyword$0_DOT_8:Pq
cljs$cst$keyword$0_DOT_95rem:El
cljs$cst$keyword$0em:gs
cljs$cst$keyword$1:Om
cljs$cst$keyword$100:ju
cljs$cst$keyword$100_PERCENT_:bu
cljs$cst$keyword$100vh:Yp
cljs$cst$keyword$10em:uk
cljs$cst$keyword$10px:ak
cljs$cst$keyword$1200px:rs
cljs$cst$keyword$12vw:Gu
cljs$cst$keyword$150_PERCENT_:ki
cljs$cst$keyword$150px:Tk
cljs$cst$keyword$15px:Xr
cljs$cst$keyword$1_DOT_3em:Nt
cljs$cst$keyword$1_DOT_3rem:Vp
cljs$cst$keyword$1_DOT_5rem:Cs
cljs$cst$keyword$1em:Ik
cljs$cst$keyword$200px:yu
cljs$cst$keyword$250px:hk
cljs$cst$keyword$2em:cr
cljs$cst$keyword$2s:sk
cljs$cst$keyword$300px:tt
cljs$cst$keyword$32px:Ou
cljs$cst$keyword$3em:ck
cljs$cst$keyword$40_PERCENT_:Dj
cljs$cst$keyword$4em:bq
cljs$cst$keyword$50px:st
cljs$cst$keyword$53em:Qo
cljs$cst$keyword$576px:Vn
cljs$cst$keyword$578px:Yl
cljs$cst$keyword$587px:ho
cljs$cst$keyword$5em:hj
cljs$cst$keyword$600:Tr
cljs$cst$keyword$60_PERCENT_:yr
cljs$cst$keyword$70px:Lq
cljs$cst$keyword$786px:cu
cljs$cst$keyword$7em:ji
cljs$cst$keyword$80_PERCENT_:fl
cljs$cst$keyword$9:Lm
cljs$cst$keyword$90_PERCENT_:wp
cljs$cst$keyword$996px:Iq
cljs$cst$keyword$999px:ql
cljs$cst$keyword$Hz:no
cljs$cst$keyword$_AMPERSAND__bond:Rj
cljs$cst$keyword$_AMPERSAND__button:Kj
cljs$cst$keyword$_AMPERSAND__content:Su
cljs$cst$keyword$_AMPERSAND__left:Ks
cljs$cst$keyword$_AMPERSAND__logo:es
cljs$cst$keyword$_DASH_11em:dp
cljs$cst$keyword$_DASH_1em:Pn
cljs$cst$keyword$_DASH_20em:Go
cljs$cst$keyword$_DASH_25em:lk
cljs$cst$keyword$_DASH_28em:Bs
cljs$cst$keyword$_DASH_45_PERCENT_:Jv
cljs$cst$keyword$_DASH_50_PERCENT_:qn
cljs$cst$keyword$_DOT_background:Qn
cljs$cst$keyword$_DOT_background__copy:qm
cljs$cst$keyword$_DOT_content:Ml
cljs$cst$keyword$_DOT_content_DASH_center:yk
cljs$cst$keyword$_DOT_content_DASH_space_DASH_between:os
cljs$cst$keyword$_DOT_content_label:Hm
cljs$cst$keyword$_DOT_d_DASH_flex:At
cljs$cst$keyword$_DOT_d_DASH_md_DASH_block:bo
cljs$cst$keyword$_DOT_d_DASH_md_DASH_reverse:ui
cljs$cst$keyword$_DOT_d_DASH_sd_DASH_block:Gk
cljs$cst$keyword$_DOT_header:hs
cljs$cst$keyword$_DOT_header_logo:kn
cljs$cst$keyword$_DOT_main_DASH_label_DASH_block:Dm
cljs$cst$keyword$_DOT_p_DASH_2:$o
cljs$cst$keyword$_DOT_portfolio_DASH_img:mq
cljs$cst$keyword$_DOT_position_DASH_subtitle:Rr
cljs$cst$keyword$_DOT_position_DASH_title:ao
cljs$cst$keyword$_DOT_project_DASH_description:uo
cljs$cst$keyword$_DOT_project_DASH_img:Ui
cljs$cst$keyword$_DOT_project_DASH_img_DASH_block:Gp
cljs$cst$keyword$_DOT_project_DASH_img_DASH_label:ar
cljs$cst$keyword$_DOT_project_DASH_title:gu
cljs$cst$keyword$_DOT_section:iq
cljs$cst$keyword$_DOT_title:jp
cljs$cst$keyword$_DOT_work_DASH_card:Ms
cljs$cst$keyword$_LT__GT_:Vj
cljs$cst$keyword$_PERCENT_:tl
cljs$cst$keyword$_SHARP__SHARP_ffd591:zv
cljs$cst$keyword$_SHARP_abb8c3:fs
cljs$cst$keyword$_SHARP_bbbbbb:zl
cljs$cst$keyword$_SHARP_d46b08:Dv
cljs$cst$keyword$_SHARP_fbd54a:Zi
cljs$cst$keyword$_SHARP_fff:mu
cljs$cst$keyword$_SHARP_fff7e6:Zr
cljs$cst$keyword$a:ir
cljs$cst$keyword$a_DOT_mainmenu__item:is
cljs$cst$keyword$about:Fj
cljs$cst$keyword$absolute:ip
cljs$cst$keyword$add_DASH_event:vk
cljs$cst$keyword$after:Jq
cljs$cst$keyword$aliceblue:ap
cljs$cst$keyword$align_DASH_items:et
cljs$cst$keyword$aligned_DASH_day_DASH_of_DASH_week_DASH_in_DASH_month:Ni
cljs$cst$keyword$aligned_DASH_day_DASH_of_DASH_week_DASH_in_DASH_year:rj
cljs$cst$keyword$aligned_DASH_week_DASH_of_DASH_month:Ru
cljs$cst$keyword$aligned_DASH_week_DASH_of_DASH_year:oj
cljs$cst$keyword$alt_DASH_impl:ph
cljs$cst$keyword$ampm_DASH_of_DASH_day:zq
cljs$cst$keyword$ancestors:Hh
cljs$cst$keyword$and:Wm
cljs$cst$keyword$animation_DASH_duration:tp
cljs$cst$keyword$animation_DASH_name:tq
cljs$cst$keyword$antiquewhite:Zk
cljs$cst$keyword$any:an
cljs$cst$keyword$aqua:Ak
cljs$cst$keyword$aquamarine:qu
cljs$cst$keyword$atom:Wv
cljs$cst$keyword$auto_BANG_important:Wh
cljs$cst$keyword$auto_DASH_prefix:Ap
cljs$cst$keyword$auto_DASH_run:Wo
cljs$cst$keyword$azure:sl
cljs$cst$keyword$b:kr
cljs$cst$keyword$background:eu
cljs$cst$keyword$background_DASH_image:oi
cljs$cst$keyword$background_DASH_position:jt
cljs$cst$keyword$background_DASH_repeat:Ei
cljs$cst$keyword$background_DASH_size:zk
cljs$cst$keyword$before:Yq
cljs$cst$keyword$beige:vu
cljs$cst$keyword$bisque:Kp
cljs$cst$keyword$black:Bu
cljs$cst$keyword$blanchedalmond:No
cljs$cst$keyword$block:zo
cljs$cst$keyword$blue:aj
cljs$cst$keyword$blueviolet:Sn
cljs$cst$keyword$body:Xs
cljs$cst$keyword$border:hv
cljs$cst$keyword$border_DASH_color:dq
cljs$cst$keyword$border_DASH_radius:Uv
cljs$cst$keyword$bottom:Fk
cljs$cst$keyword$br:zt
cljs$cst$keyword$brown:Ws
cljs$cst$keyword$burlywood:bn
cljs$cst$keyword$button_DOT_action_DOT_action_DASH__DASH_close:Qj
cljs$cst$keyword$button_DOT_action_DOT_action_DASH__DASH_menu:Hv
cljs$cst$keyword$cadetblue:Cj
cljs$cst$keyword$callback:Kl
cljs$cst$keyword$canvas:Vk
cljs$cst$keyword$canvas_DOT_wow_DOT_fadeIn:Eq
cljs$cst$keyword$center:Ej
cljs$cst$keyword$centuries:ep
cljs$cst$keyword$ch:$u
cljs$cst$keyword$chartreuse:xl
cljs$cst$keyword$childContextTypes:qp
cljs$cst$keyword$chocolate:Ci
cljs$cst$keyword$chunk:Qk
cljs$cst$keyword$class:wt
cljs$cst$keyword$className:js
cljs$cst$keyword$cljsLegacyRender:Km
cljs$cst$keyword$cljs_DASH_portfolio_DOT_events_SLASH_initialize_DASH_db:En
cljs$cst$keyword$cljs_DOT_core_SLASH_not_DASH_found:Pg
cljs$cst$keyword$clock_DASH_hour_DASH_of_DASH_ampm:jq
cljs$cst$keyword$clock_DASH_hour_DASH_of_DASH_day:Um
cljs$cst$keyword$cm:cv
cljs$cst$keyword$coeffects:Ot
cljs$cst$keyword$cofx:en
cljs$cst$keyword$colon:Hp
cljs$cst$keyword$color:Jp
cljs$cst$keyword$column:Uu
cljs$cst$keyword$column_DASH_reverse:Xk
cljs$cst$keyword$comma:ti
cljs$cst$keyword$company:Oo
cljs$cst$keyword$company_DASH_wp:Nk
cljs$cst$keyword$componentWillUnmount:wr
cljs$cst$keyword$component_DASH_did_DASH_update:Fu
cljs$cst$keyword$component_DASH_will_DASH_unmount:gl
cljs$cst$keyword$constructor:op
cljs$cst$keyword$contents:Vq
cljs$cst$keyword$contextType:Ar
cljs$cst$keyword$contextTypes:ko
cljs$cst$keyword$contract:Aj
cljs$cst$keyword$coral:Kn
cljs$cst$keyword$cornflowerblue:Bl
cljs$cst$keyword$cornsilk:fr
cljs$cst$keyword$cover:Lj
cljs$cst$keyword$crimson:It
cljs$cst$keyword$cursor:Lt
cljs$cst$keyword$cyan:ms
cljs$cst$keyword$d:hr
cljs$cst$keyword$darkblue:fv
cljs$cst$keyword$darkcyan:km
cljs$cst$keyword$darkgoldenrod:Sk
cljs$cst$keyword$darkgray:Gq
cljs$cst$keyword$darkgreen:bl
cljs$cst$keyword$darkgrey:Im
cljs$cst$keyword$darkkhaki:Hs
cljs$cst$keyword$darkmagenta:Rs
cljs$cst$keyword$darkolivegreen:zp
cljs$cst$keyword$darkorange:Vm
cljs$cst$keyword$darkorchid:Rq
cljs$cst$keyword$darkred:Pl
cljs$cst$keyword$darksalmon:br
cljs$cst$keyword$darkseagreen:ht
cljs$cst$keyword$darkslateblue:ei
cljs$cst$keyword$darkslategray:Ll
cljs$cst$keyword$darkslategrey:ot
cljs$cst$keyword$darkturquoise:fo
cljs$cst$keyword$darkviolet:Xm
cljs$cst$keyword$data_DASH_direction:vn
cljs$cst$keyword$data_DASH_wow_DASH_delay:er
cljs$cst$keyword$data_DASH_wow_DASH_duration:Qr
cljs$cst$keyword$day_DASH_of_DASH_month:eq
cljs$cst$keyword$day_DASH_of_DASH_week:Bt
cljs$cst$keyword$day_DASH_of_DASH_year:lr
cljs$cst$keyword$days:bj
cljs$cst$keyword$db:Wu
cljs$cst$keyword$db_DASH_handler:xs
cljs$cst$keyword$debug:bs
cljs$cst$keyword$decades:Wr
cljs$cst$keyword$deeppink:ml
cljs$cst$keyword$deepskyblue:Oi
cljs$cst$keyword$default:Qh
cljs$cst$keyword$deg:Uj
cljs$cst$keyword$deregister_DASH_event_DASH_handler:io
cljs$cst$keyword$descendants:Gh
cljs$cst$keyword$dimgray:Hj
cljs$cst$keyword$dimgrey:Hi
cljs$cst$keyword$dislay:Tp
cljs$cst$keyword$dispatch:Et
cljs$cst$keyword$dispatch_DASH_later:Fq
cljs$cst$keyword$dispatch_DASH_n:Au
cljs$cst$keyword$display:$t
cljs$cst$keyword$displayName:Qs
cljs$cst$keyword$display_DASH_name:Nr
cljs$cst$keyword$div:Rk
cljs$cst$keyword$div_DOT_background:Yh
cljs$cst$keyword$div_DOT_content:Gv
cljs$cst$keyword$div_DOT_content_DASH_space_DASH_between_DOT_d_DASH_flex_DOT_d_DASH_md_DASH_block:fp
cljs$cst$keyword$div_DOT_d_DASH_flex:ev
cljs$cst$keyword$div_DOT_d_DASH_flex_DOT_d_DASH_md_DASH_block_DOT_wow_DOT_slideInRight:Gj
cljs$cst$keyword$div_DOT_d_DASH_flex_DOT_d_DASH_md_DASH_reverse_DOT_wow_DOT_slideInLeft:xv
cljs$cst$keyword$div_DOT_d_DASH_flex_DOT_d_DASH_sd_DASH_block:Si
cljs$cst$keyword$div_DOT_header:wk
cljs$cst$keyword$div_DOT_header_button:Pp
cljs$cst$keyword$div_DOT_main_DASH_label_DASH_block:qt
cljs$cst$keyword$div_DOT_mainmenu:gm
cljs$cst$keyword$div_DOT_menu__item_DASH_inner:di
cljs$cst$keyword$div_DOT_menu__item_DOT_menu__main_nav_item:In
cljs$cst$keyword$div_DOT_p_DASH_2_DOT_project_DASH_img_DASH_label:Hn
cljs$cst$keyword$div_DOT_project_DASH_img_DASH_block_DOT_d_DASH_flex_DOT_content_DASH_center:As
cljs$cst$keyword$div_DOT_section:fq
cljs$cst$keyword$div_DOT_wow_DOT_fadeIn:al
cljs$cst$keyword$div_SHARP_about_DOT_inside_DOT_wow_DOT_fadeIn_DOT_about_DASH_block:Av
cljs$cst$keyword$div_SHARP_contact_DOT_section_DOT_wow_DOT_fadeIn:Dr
cljs$cst$keyword$div_SHARP_edu_DOT_section:Cu
cljs$cst$keyword$div_SHARP_leadership_DOT_section:nq
cljs$cst$keyword$div_SHARP_projects_DOT_section:ws
cljs$cst$keyword$div_SHARP_work_DASH_experience_DOT_section:bp
cljs$cst$keyword$do_DASH_fx:Kk
cljs$cst$keyword$dodgerblue:Sq
cljs$cst$keyword$dpcm:am
cljs$cst$keyword$dpi:dt
cljs$cst$keyword$dppx:Di
cljs$cst$keyword$dup:Fa
cljs$cst$keyword$effects:Jk
cljs$cst$keyword$em:Iu
cljs$cst$keyword$epoch_DASH_day:xm
cljs$cst$keyword$era:im
cljs$cst$keyword$eras:Vs
cljs$cst$keyword$error:Dk
cljs$cst$keyword$event:Hk
cljs$cst$keyword$ex:Du
cljs$cst$keyword$exception:Xj
cljs$cst$keyword$fadeIn:kl
cljs$cst$keyword$fallback_DASH_impl:qh
cljs$cst$keyword$feature:Gm
cljs$cst$keyword$feature_DASH_queries:$p
cljs$cst$keyword$finish_DASH_run:xq
cljs$cst$keyword$firebrick:Up
cljs$cst$keyword$fixed:pq
cljs$cst$keyword$flex:mi
cljs$cst$keyword$flex_DASH_direction:Tj
cljs$cst$keyword$flex_DASH_wrap:Rv
cljs$cst$keyword$floralwhite:mn
cljs$cst$keyword$flush_DASH_dom:Mu
cljs$cst$keyword$flush_DASH_on_DASH_newline:Ca
cljs$cst$keyword$font_DASH_family:Hq
cljs$cst$keyword$font_DASH_size:il
cljs$cst$keyword$font_DASH_weight:Wq
cljs$cst$keyword$forestgreen:Ys
cljs$cst$keyword$forever:Sl
cljs$cst$keyword$frames:Wt
cljs$cst$keyword$fsm_DASH_state:np
cljs$cst$keyword$fuchsia:Rl
cljs$cst$keyword$function_DASH_components:ok
cljs$cst$keyword$fx:xu
cljs$cst$keyword$gainsboro:vq
cljs$cst$keyword$gap:Iv
cljs$cst$keyword$getDerivedStateFromError:bt
cljs$cst$keyword$getDerivedStateFromProps:Fr
cljs$cst$keyword$getInitialState:wj
cljs$cst$keyword$ghostwhite:yn
cljs$cst$keyword$global_DASH_interceptors:On
cljs$cst$keyword$gold:cj
cljs$cst$keyword$goldenrod:Pk
cljs$cst$keyword$grad:ou
cljs$cst$keyword$gray:Ct
cljs$cst$keyword$green:gp
cljs$cst$keyword$greenyellow:hl
cljs$cst$keyword$group:qs
cljs$cst$keyword$groupEnd:Vv
cljs$cst$keyword$h2:ru
cljs$cst$keyword$h3:wu
cljs$cst$keyword$h3_DOT_header_logo_DOT_wow_DOT_fadeInUp:ul
cljs$cst$keyword$h3_DOT_position_DASH_title:sp
cljs$cst$keyword$h3_DOT_project_DASH_title:Mm
cljs$cst$keyword$h3_DOT_title_DOT_wow_DOT_fadeIn:mm
cljs$cst$keyword$h5_DOT_position_DASH_subtitle:Wi
cljs$cst$keyword$half_DASH_days:Vr
cljs$cst$keyword$height:Pr
cljs$cst$keyword$hierarchy:gr
cljs$cst$keyword$honeydew:Zo
cljs$cst$keyword$hotpink:Am
cljs$cst$keyword$hour_DASH_of_DASH_ampm:fk
cljs$cst$keyword$hour_DASH_of_DASH_day:dk
cljs$cst$keyword$hours:Yo
cljs$cst$keyword$href:vl
cljs$cst$keyword$html:Mi
cljs$cst$keyword$i_DOT_fab_DOT_fa_DASH_github:Ss
cljs$cst$keyword$i_DOT_fab_DOT_fa_DASH_linkedin:co
cljs$cst$keyword$i_DOT_fas_DOT_fa_DASH_envelope:cq
cljs$cst$keyword$id:Fv
cljs$cst$keyword$identifier:lj
cljs$cst$keyword$idle:ci
cljs$cst$keyword$img_DOT_project_DASH_img:cp
cljs$cst$keyword$img_DOT_project_DASH_img_DOT_portfolio_DASH_img:gi
cljs$cst$keyword$import:Oq
cljs$cst$keyword$in:sv
cljs$cst$keyword$indianred:Sj
cljs$cst$keyword$indigo:Ql
cljs$cst$keyword$inherit:Eu
cljs$cst$keyword$inject_DASH_global_DASH_interceptors:fu
cljs$cst$keyword$instant_DASH_seconds:dv
cljs$cst$keyword$ivory:jr
cljs$cst$keyword$justify_DASH_content:ro
cljs$cst$keyword$kHz:wo
cljs$cst$keyword$key:Vu
cljs$cst$keyword$keyframes:rn
cljs$cst$keyword$keyword_DASH_fn:Ch
cljs$cst$keyword$khaki:nj
cljs$cst$keyword$l_DASH_brace:hp
cljs$cst$keyword$l_DASH_paren:Ds
cljs$cst$keyword$label_DOT_header_content_DOT_wow_DOT_fadeInUp:gn
cljs$cst$keyword$label_DOT_wow_DOT_fadeInUp_DOT_content_label:at
cljs$cst$keyword$lavender:iu
cljs$cst$keyword$lavenderblush:qk
cljs$cst$keyword$lawngreen:Zu
cljs$cst$keyword$left:ri
cljs$cst$keyword$lemonchiffon:Vi
cljs$cst$keyword$li:Ji
cljs$cst$keyword$lightblue:$k
cljs$cst$keyword$lightcoral:$r
cljs$cst$keyword$lightcyan:av
cljs$cst$keyword$lightgoldenrodyellow:rr
cljs$cst$keyword$lightgray:uv
cljs$cst$keyword$lightgreen:bm
cljs$cst$keyword$lightgrey:Ju
cljs$cst$keyword$lightpink:Jt
cljs$cst$keyword$lightsalmon:on
cljs$cst$keyword$lightseagreen:ys
cljs$cst$keyword$lightskyblue:dr
cljs$cst$keyword$lightslategray:pj
cljs$cst$keyword$lightslategrey:si
cljs$cst$keyword$lightsteelblue:wn
cljs$cst$keyword$lightyellow:Ep
cljs$cst$keyword$lime:ai
cljs$cst$keyword$limegreen:Hu
cljs$cst$keyword$line_DASH_height:bv
cljs$cst$keyword$linen:vp
cljs$cst$keyword$list:Tu
cljs$cst$keyword$loaded_QMARK_:Wp
cljs$cst$keyword$location:uq
cljs$cst$keyword$log:wi
cljs$cst$keyword$magenta:vj
cljs$cst$keyword$main:om
cljs$cst$keyword$map:Ts
cljs$cst$keyword$margin:Wj
cljs$cst$keyword$margin_DASH_bottom:Wk
cljs$cst$keyword$margin_DASH_left:Ri
cljs$cst$keyword$margin_DASH_right:xo
cljs$cst$keyword$margin_DASH_top:ej
cljs$cst$keyword$maroon:dl
cljs$cst$keyword$max_DASH_width:ol
cljs$cst$keyword$media:Bv
cljs$cst$keyword$media_DASH_expressions:us
cljs$cst$keyword$media_DASH_queries:Wn
cljs$cst$keyword$mediumaquamarine:Co
cljs$cst$keyword$mediumblue:sn
cljs$cst$keyword$mediumorchid:Zn
cljs$cst$keyword$mediumpurple:jn
cljs$cst$keyword$mediumseagreen:Xi
cljs$cst$keyword$mediumslateblue:Xt
cljs$cst$keyword$mediumspringgreen:lm
cljs$cst$keyword$mediumturquoise:Dp
cljs$cst$keyword$mediumvioletred:pk
cljs$cst$keyword$merge:so
cljs$cst$keyword$meta:Ea
cljs$cst$keyword$micro_DASH_of_DASH_day:cl
cljs$cst$keyword$micro_DASH_of_DASH_second:$h
cljs$cst$keyword$micros:Lv
cljs$cst$keyword$midnightblue:Fo
cljs$cst$keyword$millennia:Un
cljs$cst$keyword$milli_DASH_of_DASH_day:qv
cljs$cst$keyword$milli_DASH_of_DASH_second:Yn
cljs$cst$keyword$millis:Ov
cljs$cst$keyword$min_DASH_height:ps
cljs$cst$keyword$min_DASH_width:An
cljs$cst$keyword$mintcream:Qt
cljs$cst$keyword$minute_DASH_of_DASH_day:Xh
cljs$cst$keyword$minute_DASH_of_DASH_hour:lt
cljs$cst$keyword$minutes:hu
cljs$cst$keyword$mistyrose:Ek
cljs$cst$keyword$mix_DASH_blend_DASH_mode:yj
cljs$cst$keyword$mm:yi
cljs$cst$keyword$moccasin:Vl
cljs$cst$keyword$month_DASH_of_DASH_year:pv
cljs$cst$keyword$months:qo
cljs$cst$keyword$more_DASH_marker:hh
cljs$cst$keyword$ms:li
cljs$cst$keyword$name:Mt
cljs$cst$keyword$nano_DASH_of_DASH_day:Nu
cljs$cst$keyword$nano_DASH_of_DASH_second:eo
cljs$cst$keyword$nanos:oo
cljs$cst$keyword$nav_DOT_menu:tu
cljs$cst$keyword$navajowhite:Fn
cljs$cst$keyword$navy:lp
cljs$cst$keyword$nesting_DASH_behavior:tm
cljs$cst$keyword$nil:nn
cljs$cst$keyword$no_DASH_cache:Mj
cljs$cst$keyword$no_DASH_repeat:gj
cljs$cst$keyword$normal:Em
cljs$cst$keyword$offset_DASH_seconds:Vo
cljs$cst$keyword$oldlace:lo
cljs$cst$keyword$olive:rl
cljs$cst$keyword$olivedrab:ss
cljs$cst$keyword$on_DASH_dispose:Ai
cljs$cst$keyword$on_DASH_set:Yt
cljs$cst$keyword$on_DASH_write:Ln
cljs$cst$keyword$opacity:Zp
cljs$cst$keyword$orange:Lu
cljs$cst$keyword$orangered:Ns
cljs$cst$keyword$orchid:Yk
cljs$cst$keyword$original_DASH_event:Bo
cljs$cst$keyword$output_DASH_to:zs
cljs$cst$keyword$p:xr
cljs$cst$keyword$p_DOT_about__content:aq
cljs$cst$keyword$p_DOT_about__tagline:Eo
cljs$cst$keyword$p_DOT_label_DOT_label_DASH__DASH_bottomright_DOT_label_DASH__DASH_vert:Bm
cljs$cst$keyword$p_DOT_label_DOT_label_DASH__DASH_topleft_DOT_label_DASH__DASH_vert_DASH_mirror:Li
cljs$cst$keyword$p_DOT_project_DASH_description:wv
cljs$cst$keyword$padding:Rp
cljs$cst$keyword$palegoldenrod:kv
cljs$cst$keyword$palegreen:Ok
cljs$cst$keyword$paleturquoise:Nq
cljs$cst$keyword$palevioletred:Kv
cljs$cst$keyword$papayawhip:ls
cljs$cst$keyword$parents:Fh
cljs$cst$keyword$parse_DASH_tag:ts
cljs$cst$keyword$path:gq
cljs$cst$keyword$pause:ks
cljs$cst$keyword$paused:un
cljs$cst$keyword$pc:Jj
cljs$cst$keyword$peachpuff:Ur
cljs$cst$keyword$perspective:Sp
cljs$cst$keyword$peru:Qq
cljs$cst$keyword$pink:yv
cljs$cst$keyword$plum:hm
cljs$cst$keyword$pointer:Zt
cljs$cst$keyword$position:Kr
cljs$cst$keyword$powderblue:Pv
cljs$cst$keyword$preamble:pi
cljs$cst$keyword$prefix:Uk
cljs$cst$keyword$pretty_DASH_print:Po
cljs$cst$keyword$pretty_DASH_print_QMARK_:Pj
cljs$cst$keyword$print_DASH_length:Ga
cljs$cst$keyword$proleptic_DASH_month:Fm
cljs$cst$keyword$pt:xj
cljs$cst$keyword$purple:Op
cljs$cst$keyword$px:Bj
cljs$cst$keyword$queue:Pt
cljs$cst$keyword$r_DASH_brace:yt
cljs$cst$keyword$r_DASH_paren:nv
cljs$cst$keyword$rad:Aq
cljs$cst$keyword$re_DASH_frame_DOT_std_DASH_interceptors_SLASH_not_DASH_found:$n
cljs$cst$keyword$readably:Da
cljs$cst$keyword$reagentRender:Qm
cljs$cst$keyword$reagent_DASH_render:Xq
cljs$cst$keyword$red:Jr
cljs$cst$keyword$relative:em
cljs$cst$keyword$rem:Hr
cljs$cst$keyword$render:To
cljs$cst$keyword$resume:as
cljs$cst$keyword$rettag:pm
cljs$cst$keyword$right:jm
cljs$cst$keyword$rosybrown:So
cljs$cst$keyword$royalblue:mo
cljs$cst$keyword$rules:Tq
cljs$cst$keyword$run_DASH_queue:vo
cljs$cst$keyword$running:Cm
cljs$cst$keyword$s:tr
cljs$cst$keyword$saddlebrown:Ym
cljs$cst$keyword$salmon:ll
cljs$cst$keyword$sandybrown:fj
cljs$cst$keyword$scheduled:Ck
cljs$cst$keyword$screen:Qv
cljs$cst$keyword$seagreen:sm
cljs$cst$keyword$seashell:Uo
cljs$cst$keyword$second_DASH_of_DASH_day:Lk
cljs$cst$keyword$second_DASH_of_DASH_minute:it
cljs$cst$keyword$seconds:mr
cljs$cst$keyword$section_DOT_wow_DOT_fadeIn:ii
cljs$cst$keyword$selector:Vt
cljs$cst$keyword$semicolon:ym
cljs$cst$keyword$sequential:uu
cljs$cst$keyword$set:tk
cljs$cst$keyword$shouldComponentUpdate:Cv
cljs$cst$keyword$sienna:Gi
cljs$cst$keyword$silver:rq
cljs$cst$keyword$size:ni
cljs$cst$keyword$skyblue:pp
cljs$cst$keyword$slateblue:Yi
cljs$cst$keyword$slategray:rt
cljs$cst$keyword$slategrey:nu
cljs$cst$keyword$snow:Ev
cljs$cst$keyword$space_DASH_between:rm
cljs$cst$keyword$space_PLUS_:Jl
cljs$cst$keyword$springgreen:zm
cljs$cst$keyword$src:du
cljs$cst$keyword$stack:Nm
cljs$cst$keyword$steelblue:dn
cljs$cst$keyword$strable:ur
cljs$cst$keyword$string:Fi
cljs$cst$keyword$style:Gl
cljs$cst$keyword$svg_DOT_hidden:jv
cljs$cst$keyword$svg_DOT_icon_DOT_icon_DASH__DASH_close:Ps
cljs$cst$keyword$svg_DOT_icon_DOT_icon_DASH__DASH_menu:Sv
cljs$cst$keyword$symbol_SHARP_icon_DASH_close:ft
cljs$cst$keyword$symbol_SHARP_icon_DASH_menu:Xo
cljs$cst$keyword$tag:yp
cljs$cst$keyword$tan:Bp
cljs$cst$keyword$target:sj
cljs$cst$keyword$teal:ut
cljs$cst$keyword$text_DASH_align:Rm
cljs$cst$keyword$text_DASH_transform:ku
cljs$cst$keyword$thistle:Es
cljs$cst$keyword$title:Jm
cljs$cst$keyword$tomato:Fl
cljs$cst$keyword$top:fm
cljs$cst$keyword$trigger:Zq
cljs$cst$keyword$trim_DASH_v:pn
cljs$cst$keyword$turn:kj
cljs$cst$keyword$turquoise:Jn
cljs$cst$keyword$ul:kk
cljs$cst$keyword$unnamed:wl
cljs$cst$keyword$unwrap:ek
cljs$cst$keyword$uppercase:Cr
cljs$cst$keyword$url:kt
cljs$cst$keyword$use:mt
cljs$cst$keyword$val:vh
cljs$cst$keyword$validator:Xn
cljs$cst$keyword$value:Lr
cljs$cst$keyword$vector:cs
cljs$cst$keyword$vendors:Qi
cljs$cst$keyword$vh:ik
cljs$cst$keyword$viewBox:Ul
cljs$cst$keyword$violet:Bi
cljs$cst$keyword$visibility:ov
cljs$cst$keyword$visible:qq
cljs$cst$keyword$vmax:Mv
cljs$cst$keyword$vmin:Ut
cljs$cst$keyword$vw:gk
cljs$cst$keyword$warn:St
cljs$cst$keyword$weeks:gv
cljs$cst$keyword$wheat:Nn
cljs$cst$keyword$white:hi
cljs$cst$keyword$white_DASH_space_PLUS_:mk
cljs$cst$keyword$whitesmoke:iv
cljs$cst$keyword$width:el
cljs$cst$keyword$wrap:Yj
cljs$cst$keyword$xlinkHref:mv
cljs$cst$keyword$year:Oj
cljs$cst$keyword$year_DASH_of_DASH_era:zu
cljs$cst$keyword$years:kp
cljs$cst$keyword$yellow:zr
cljs$cst$keyword$yellowgreen:Nj
cljs$cst$keyword$yield:tv
cljs$cst$keyword$z_DASH_index:Ls
cljs$cst$symbol$a:Cl
cljs$cst$symbol$abbr:Tn
cljs$cst$symbol$active:Dl
cljs$cst$symbol$address:Bq
cljs$cst$symbol$area:Ij
cljs$cst$symbol$article:Pu
cljs$cst$symbol$aside:au
cljs$cst$symbol$audio:jk
cljs$cst$symbol$b:yl
cljs$cst$symbol$base:Gs
cljs$cst$symbol$bdi:Mn
cljs$cst$symbol$bdo:Gn
cljs$cst$symbol$blockquote:Kt
cljs$cst$symbol$body:jl
cljs$cst$symbol$br:oq
cljs$cst$symbol$button:Ko
cljs$cst$symbol$canvas:um
cljs$cst$symbol$caption:Yr
cljs$cst$symbol$checked:fi
cljs$cst$symbol$cite:Mk
cljs$cst$symbol$code:$q
cljs$cst$symbol$col:Np
cljs$cst$symbol$colgroup:fn
cljs$cst$symbol$command:Xu
cljs$cst$symbol$datalist:Do
cljs$cst$symbol$dd:hq
cljs$cst$symbol$default:nk
cljs$cst$symbol$del:Bn
cljs$cst$symbol$details:pt
cljs$cst$symbol$dfn:ln
cljs$cst$symbol$disabled:ct
cljs$cst$symbol$div:go
cljs$cst$symbol$dl:Ip
cljs$cst$symbol$dt:Lp
cljs$cst$symbol$em:xp
cljs$cst$symbol$embed:Xp
cljs$cst$symbol$empty:Zs
cljs$cst$symbol$enabled:qi
cljs$cst$symbol$fieldset:xi
cljs$cst$symbol$figcaption:dj
cljs$cst$symbol$figure:Ft
cljs$cst$symbol$first:jj
cljs$cst$symbol$first_DASH_child:po
cljs$cst$symbol$first_DASH_of_DASH_type:Br
cljs$cst$symbol$focus:lu
cljs$cst$symbol$footer:Jo
cljs$cst$symbol$form:kq
cljs$cst$symbol$fullscreen:Os
cljs$cst$symbol$h1:sr
cljs$cst$symbol$h2:nr
cljs$cst$symbol$h3:or
cljs$cst$symbol$h4:pr
cljs$cst$symbol$h5:qr
cljs$cst$symbol$h6:vr
cljs$cst$symbol$head:yq
cljs$cst$symbol$header:nt
cljs$cst$symbol$hgroup:Ir
cljs$cst$symbol$hover:Tl
cljs$cst$symbol$hr:Kq
cljs$cst$symbol$html:Xv
cljs$cst$symbol$i:Al
cljs$cst$symbol$iframe:Fp
cljs$cst$symbol$img:pu
cljs$cst$symbol$in_DASH_range:mj
cljs$cst$symbol$indeterminate:mp
cljs$cst$symbol$input:Gr
cljs$cst$symbol$ins:Tt
cljs$cst$symbol$inst:Ht
cljs$cst$symbol$invalid:nl
cljs$cst$symbol$js:vs
cljs$cst$symbol$kbd:zj
cljs$cst$symbol$keygen:tn
cljs$cst$symbol$label:up
cljs$cst$symbol$last_DASH_child:Mp
cljs$cst$symbol$last_DASH_of_DASH_type:Rt
cljs$cst$symbol$left:Yu
cljs$cst$symbol$legend:pl
cljs$cst$symbol$li:ns
cljs$cst$symbol$link:Ku
cljs$cst$symbol$links:ds
cljs$cst$symbol$map:Ii
cljs$cst$symbol$mark:Is
cljs$cst$symbol$math:gt
cljs$cst$symbol$menu:Er
cljs$cst$symbol$meta:Mq
cljs$cst$symbol$meter:bi
cljs$cst$symbol$nav:Ro
cljs$cst$symbol$noscript:Cn
cljs$cst$symbol$object:Cq
cljs$cst$symbol$ol:wm
cljs$cst$symbol$only_DASH_child:Zl
cljs$cst$symbol$only_DASH_of_DASH_type:Mo
cljs$cst$symbol$optgroup:Lo
cljs$cst$symbol$option:Ao
cljs$cst$symbol$optional:ij
cljs$cst$symbol$out_DASH_of_DASH_range:$i
cljs$cst$symbol$output:qj
cljs$cst$symbol$p:Ol
cljs$cst$symbol$param:xn
cljs$cst$symbol$pre:Sr
cljs$cst$symbol$progress:Rn
cljs$cst$symbol$q:Nl
cljs$cst$symbol$queue:yo
cljs$cst$symbol$read_DASH_only:Yv
cljs$cst$symbol$read_DASH_write:rp
cljs$cst$symbol$required:Mr
cljs$cst$symbol$right:hn
cljs$cst$symbol$root:Zh
cljs$cst$symbol$rp:Xl
cljs$cst$symbol$rt:Wl
cljs$cst$symbol$ruby:Dq
cljs$cst$symbol$s:Il
cljs$cst$symbol$samp:tj
cljs$cst$symbol$scope:vt
cljs$cst$symbol$script:nm
cljs$cst$symbol$section:dm
cljs$cst$symbol$select:Us
cljs$cst$symbol$small:Tv
cljs$cst$symbol$source:Ki
cljs$cst$symbol$span:vv
cljs$cst$symbol$strong:xt
cljs$cst$symbol$style:$s
cljs$cst$symbol$sub:Bk
cljs$cst$symbol$summary:su
cljs$cst$symbol$sup:xk
cljs$cst$symbol$svg:rk
cljs$cst$symbol$table:zi
cljs$cst$symbol$target:Dn
cljs$cst$symbol$tbody:sq
cljs$cst$symbol$td:$m
cljs$cst$symbol$textarea:Gt
cljs$cst$symbol$tfoot:bk
cljs$cst$symbol$th:Zm
cljs$cst$symbol$thead:uj
cljs$cst$symbol$time:$l
cljs$cst$symbol$time_SLASH_date:Zj
cljs$cst$symbol$time_SLASH_date_DASH_time:zn
cljs$cst$symbol$time_SLASH_day_DASH_of_DASH_week:Qp
cljs$cst$symbol$time_SLASH_duration:vi
cljs$cst$symbol$time_SLASH_instant:Or
cljs$cst$symbol$time_SLASH_month:Qu
cljs$cst$symbol$time_SLASH_month_DASH_day:Dt
cljs$cst$symbol$time_SLASH_offset_DASH_date_DASH_time:Pi
cljs$cst$symbol$time_SLASH_offset_DASH_time:Fs
cljs$cst$symbol$time_SLASH_period:Cp
cljs$cst$symbol$time_SLASH_time:Nv
cljs$cst$symbol$time_SLASH_year:Ti
cljs$cst$symbol$time_SLASH_year_DASH_month:vm
cljs$cst$symbol$time_SLASH_zone:wq
cljs$cst$symbol$time_SLASH_zoned_DASH_date_DASH_time:rv
cljs$cst$symbol$title:Sm
cljs$cst$symbol$tr:cn
cljs$cst$symbol$track:jo
cljs$cst$symbol$u:Hl
cljs$cst$symbol$ul:Tm
cljs$cst$symbol$uuid:to
cljs$cst$symbol$valid:Ho
cljs$cst$symbol$var:Js
cljs$cst$symbol$video:lv
cljs$cst$symbol$visited:Io
cljs$cst$symbol$wbr:cm
cljs$reader$check:Sz
cljs$reader$days_in_month:Pz
cljs$reader$parse_and_validate_timestamp:Tz
cljs$reader$parse_int:Rz
cljs$reader$timestamp_regex:Qz
cljs$tools$reader$impl$inspect$inspect_STAR_:Jz
cljs$tools$reader$impl$inspect$inspect_STAR__col:Iz
cljs_portfolio$db$default_db:oz
cljs_portfolio$views$about$about:aD
cljs_portfolio$views$about$about_me:JC
cljs_portfolio$views$about$about_styles:KC
cljs_portfolio$views$about$blaster_project_block:TC
cljs_portfolio$views$about$contacts:$C
cljs_portfolio$views$about$lead_exp:ZC
cljs_portfolio$views$about$lead_exp_data:YC
cljs_portfolio$views$about$lem_project_block:SC
cljs_portfolio$views$about$portfolio_project_block:UC
cljs_portfolio$views$about$project_btn:RC
cljs_portfolio$views$about$project_tag:PC
cljs_portfolio$views$about$projects:VC
cljs_portfolio$views$about$skill_tag:QC
cljs_portfolio$views$about$social_links:IC
cljs_portfolio$views$about$study:XC
cljs_portfolio$views$about$study_exp_data:WC
cljs_portfolio$views$about$work_card:MC
cljs_portfolio$views$about$work_card_header:LC
cljs_portfolio$views$about$work_exp:OC
cljs_portfolio$views$about$work_exp_data:NC
cljs_portfolio$views$header$header:EC
cljs_portfolio$views$header$header_content:CC
cljs_portfolio$views$header$header_logo:BC
cljs_portfolio$views$header$header_menu:DC
cljs_portfolio$views$header$header_styles:AC
cljs_portfolio$views$menu$menu:HC
cljs_portfolio$views$menu$nav_menu:GC
cljs_portfolio$views$menu$nav_menu_items:FC
cljs_portfolio$views$views$app:dD
cljs_portfolio$views$views$portfolio_labels:cD
cljs_portfolio$views$views$style_rules:bD
clojure$data$atom_diff:cz
clojure$data$diff:fz
clojure$data$diff_associative:gz
clojure$data$diff_associative_key:ez
clojure$data$diff_sequential:hz
clojure$data$diff_set:iz
clojure$data$diff_similar:kz
clojure$data$equality_partition:jz
clojure$data$vectorize:dz
clojure$set$bubble_max_key:Jw
clojure$set$difference:Lw
clojure$set$intersection:Kw
clojure$string$join$cljs$0core$0IFn$0_invoke$0arity$02:hw
clojure$string$replace:gw
clojure$string$replace_all:ew
clojure$string$replace_with:fw
clojure$string$split$cljs$0core$0IFn$0_invoke$0arity$03:iw
count__39562_39844$jscomp$inline_1677:hD
cur$jscomp$inline_1605:yC
event_v$jscomp$inline_1670:eD
garden$compiler$_STAR_flags_STAR_:Wz
garden$compiler$_STAR_media_query_context_STAR_:Zz
garden$compiler$_STAR_selector_context_STAR_:Yz
garden$compiler$add_blocks:sA
garden$compiler$comma_separated_list$cljs$0core$0IFn$0_invoke$0arity$02:oA
garden$compiler$compile_css:IA
garden$compiler$expand:aA
garden$compiler$expand_at_rule:gA
garden$compiler$expand_declaration_1:cA
garden$compiler$expand_media_query_expression:mA
garden$compiler$expand_rule:fA
garden$compiler$expand_selector_reference:eA
garden$compiler$expand_seqs:bA
garden$compiler$indent_loc_re:pA
garden$compiler$media_expression_behavior:Xz
garden$compiler$parent_selector_re:dA
garden$compiler$prefix_all_properties:uA
garden$compiler$prefix_auto_properties:vA
garden$compiler$prefix_declaration:wA
garden$compiler$prefixed_blocks:tA
garden$compiler$render_at_rule:CA
garden$compiler$render_css:nA
garden$compiler$render_feature_expr:BA
garden$compiler$render_feature_expr_part:AA
garden$compiler$render_media_expr:zA
garden$compiler$render_media_expr_part:yA
garden$compiler$render_property_and_value:rA
garden$compiler$render_rule:xA
garden$compiler$render_value:qA
garden$compiler$top_level_expression_QMARK_:$z
garden$compression$compress_stylesheet:Cz
garden$compression$stylesheet_tokenizer:Bz
garden$compression$token_fn:Az
garden$selectors$CSSSelector:Ez
garden$selectors$ICSSSelector:Dz
garden$selectors$css_selector:Y
garden$selectors$nth_child_re:Gz
garden$selectors$nth_x:Hz
garden$selectors$selector:Fz
garden$selectors$selector_QMARK_:Oe
garden$stylesheet$at_media$cljs$0core$0IFn$0_invoke$0arity$0variadic:JA
garden$types$CSSAtRule:pz
garden$units$make_unit_divider:Vz
garden$units$make_unit_multiplier:Uz
garden$util$at_media_QMARK_:uz
garden$util$at_rule_QMARK_:tz
garden$util$at_supports_QMARK_:vz
garden$util$cartesian_product$cljs$0core$0IFn$0_invoke$0arity$0variadic:zz
garden$util$clip:yz
garden$util$hash_map_QMARK_:sz
garden$util$prefix:wz
garden$util$to_str:rz
garden$util$vendor_prefix:xz
goog$UID_PROPERTY_:ea
goog$async$nextTick:ay
goog$bind:ka
goog$bindJs_:ia
goog$bindNative_:ha
goog$dom$createElement:$x
goog$events$BrowserEvent:dy
goog$events$BrowserEvent$IE_POINTER_TYPE_MAP:ey
goog$events$BrowserFeature$PASSIVE_EVENTS:cy
goog$events$Event:by
goog$events$LISTENER_MAP_PROP_:my
goog$events$LISTENER_WRAPPER_PROP_:xy
goog$events$Listenable$IMPLEMENTED_BY_PROP:gy
goog$events$ListenableKey$counter_:fy
goog$events$Listener:hy
goog$events$ListenerMap:jy
goog$events$ListenerMap$findListenerIndex_:ky
goog$events$getListenerMap_:ty
goog$events$getOnString_:vy
goog$events$getProxy:uy
goog$events$handleBrowserEvent_:wy
goog$events$listen:py
goog$events$listenOnce:qy
goog$events$listen_:sy
goog$events$listenerCountEstimate_:oy
goog$events$onStringMap_:ny
goog$events$wrapListener:ry
goog$getUid:da
goog$global:aa
goog$inherits:la
goog$isObject:ca
goog$nullFunction:ba
goog$reflect$sinkValue:ma
goog$string$StringBuffer:wa
goog$string$format:qz
goog$string$repeat:ua
goog$typeOf:k
goog$uidCounter_:fa
goog$userAgent$GECKO:Xx
goog$userAgent$WEBKIT:Yx
hierarchy__5646__auto__$jscomp$inline_1548:Oz
hierarchy__5646__auto__$jscomp$inline_1568:lA
hierarchy__5646__auto__$jscomp$inline_1580:HA
i__39563_39845$jscomp$inline_1678:iD
java$time$Clock:dB
java$time$DayOfWeek:bB
java$time$Duration:TA
java$time$Instant:SA
java$time$LocalDate:UA
java$time$LocalDateTime:XA
java$time$LocalTime:VA
java$time$Month:cB
java$time$MonthDay:YA
java$time$OffsetDateTime:fB
java$time$OffsetTime:gB
java$time$Period:RA
java$time$Year:ZA
java$time$YearMonth:$A
java$time$ZoneId:aB
java$time$ZoneOffset:eB
java$time$ZonedDateTime:WA
java$time$temporal$ChronoField:zB
java$time$temporal$ChronoUnit:yB
listener$jscomp$inline_975:Ey
method_cache__5644__auto__$jscomp$inline_1546:Mz
method_cache__5644__auto__$jscomp$inline_1566:jA
method_cache__5644__auto__$jscomp$inline_1578:FA
method_table__5642__auto__$jscomp$inline_1544:Kz
method_table__5642__auto__$jscomp$inline_1564:hA
method_table__5642__auto__$jscomp$inline_1576:DA
module$contents$goog$array_indexOf:qa
module$contents$goog$labs$userAgent$platform_isIphone:Wx
module$contents$goog$labs$userAgent$util_matchUserAgent:ta
module$contents$goog$labs$userAgent$util_userAgentInternal:sa
module$contents$goog$object_PROTOTYPE_FIELDS:oa
module$contents$goog$object_extend:pa
module$contents$goog$object_get:n
module$contents$goog$object_getKeys:na
module$node_modules$$js_joda$core$dist$js_joda:QA
module$node_modules$react$index:cw
module$node_modules$react_dom$index:dw
navigator$jscomp$inline_932:Zx
object$jscomp$inline_1601:wC
part$jscomp$inline_1606:zC
parts$jscomp$inline_1604:xC
prefer_table__5643__auto__$jscomp$inline_1545:Lz
prefer_table__5643__auto__$jscomp$inline_1565:iA
prefer_table__5643__auto__$jscomp$inline_1577:EA
re_frame$cofx$inject_db:bz
re_frame$core$reg_event_db:nz
re_frame$db$app_db:Ay
re_frame$events$_STAR_handling_STAR_:Oy
re_frame$events$handle:Py
re_frame$fx$dispatch_later:az
re_frame$fx$do_fx:$y
re_frame$interceptor$__GT_interceptor:Jy
re_frame$interceptor$assoc_coeffect:Ly
re_frame$interceptor$enqueue:Ny
re_frame$interceptor$get_coeffect$cljs$0core$0IFn$0_invoke$0arity$02:Ky
re_frame$interceptor$invoke_interceptors:My
re_frame$interop$empty_queue:Ee
re_frame$interop$set_timeout_BANG_:zy
re_frame$loggers$console:Cy
re_frame$loggers$loggers:By
re_frame$registrar$clear_handlers:Iy
re_frame$registrar$get_handler$cljs$0core$0IFn$0_invoke$0arity$02:Gy
re_frame$registrar$kind__GT_id__GT_handler:Fy
re_frame$registrar$register_handler:Hy
re_frame$router$dispatch:Zy
re_frame$router$event_queue:Yy
re_frame$router$later_fns:Ry
re_frame$settings$store:Dy
re_frame$std_interceptors$db_handler__GT_interceptor:lz
re_frame$std_interceptors$inject_global_interceptors:mz
re_frame$subs$query__GT_reaction:Qy
reagent:jw
reagent$core$after_render:yy
reagent$dom$render_comp:Vx
reagent$dom$roots:Ux
reagent$impl:kw
reagent$impl$batching$RenderQueue:Cw
reagent$impl$batching$compare_mount_order:yw
reagent$impl$batching$enqueue:Bw
reagent$impl$batching$fake_raf:ww
reagent$impl$batching$mount_count:vw
reagent$impl$batching$next_tick:xw
reagent$impl$batching$queue_render:Ew
reagent$impl$batching$ratom_flush:zw
reagent$impl$batching$render_queue:Dw
reagent$impl$batching$run_funs:Aw
reagent$impl$component$_STAR_current_component_STAR_:cx
reagent$impl$component$built_in_static_method_names:Og
reagent$impl$component$cache_react_class:ox
reagent$impl$component$camelify_map_keys:jx
reagent$impl$component$cljsify:mx
reagent$impl$component$create_class:nx
reagent$impl$component$custom_wrapper:gx
reagent$impl$component$dash_to_method_name:ix
reagent$impl$component$functional_render:qx
reagent$impl$component$functional_render_fn:sx
reagent$impl$component$functional_render_memo_fn:rx
reagent$impl$component$functional_wrap_render:px
reagent$impl$component$map_to_js:lx
reagent$impl$component$obligatory:hx
reagent$impl$component$props_argv:dx
reagent$impl$component$rat_opts:bx
reagent$impl$component$reagent_class_QMARK_:ex
reagent$impl$component$wrap_funs:kx
reagent$impl$component$wrap_render:fx
reagent$impl$input$input_component_set_value:vx
reagent$impl$input$input_handle_change:wx
reagent$impl$input$input_node_set_value:ux
reagent$impl$input$input_render_setup:xx
reagent$impl$input$input_spec:yx
reagent$impl$input$these_inputs_have_selection_api:tx
reagent$impl$protocols$as_element:Hw
reagent$impl$protocols$get_id:Fw
reagent$impl$protocols$make_element:Iw
reagent$impl$protocols$parse_tag:Gw
reagent$impl$template:zx
reagent$impl$template$HiccupTag:Kx
reagent$impl$template$cache_get:Dx
reagent$impl$template$cached_parse:Px
reagent$impl$template$convert_custom_prop_value:Ix
reagent$impl$template$convert_prop_value:Fx
reagent$impl$template$custom_kv_conv:Hx
reagent$impl$template$custom_prop_name_cache:Gx
reagent$impl$template$default_compiler:Tx
reagent$impl$template$expand_seq:Rx
reagent$impl$template$function_element:Mx
reagent$impl$template$kv_conv:Ex
reagent$impl$template$make_element:Jx
reagent$impl$template$maybe_function_element:Nx
reagent$impl$template$native_element:Qx
reagent$impl$template$prop_name_cache:Cx
reagent$impl$template$re_tag:Bx
reagent$impl$template$reag_element:Lx
reagent$impl$template$t_reagent$0impl$0template39115:Ax
reagent$impl$template$tag_name_cache:Ox
reagent$impl$template$vec_to_elem:Sx
reagent$impl$util$_STAR_always_update_STAR_:sw
reagent$impl$util$capitalize:nw
reagent$impl$util$class_names:rw
reagent$impl$util$dash_to_prop_name:ow
reagent$impl$util$dont_camel_case:mw
reagent$impl$util$fun_name:pw
reagent$impl$util$get_react_key:tw
reagent$impl$util$is_client:lw
reagent$impl$util$named_QMARK_:qw
reagent$impl$util$react_key_from_vec:uw
reagent$ratom$RAtom:Uw
reagent$ratom$Reaction:Xw
reagent$ratom$_STAR_ratom_context_STAR_:Mw
reagent$ratom$add_w:Pw
reagent$ratom$atom:Vw
reagent$ratom$deref_capture:Nw
reagent$ratom$dispose_BANG_:Ww
reagent$ratom$flush_BANG_:Yw
reagent$ratom$handle_reaction_change:Wb
reagent$ratom$make_reaction:Zw
reagent$ratom$notify_deref_watcher_BANG_:Ow
reagent$ratom$notify_w:Rw
reagent$ratom$pr_atom:Sw
reagent$ratom$rea_queue:Tw
reagent$ratom$remove_w:Qw
reagent$ratom$run_in_reaction:ax
reagent$ratom$temp_reaction:$w
root_el$jscomp$inline_1627:tD
rxn_39850$jscomp$inline_1680:kD
rxn_39864$jscomp$inline_1688:sD
seq__39560_39842$jscomp$inline_1675:fD
seq__39560_39856__$1$jscomp$inline_1682:mD
shadow$js$files:Zv
shadow$js$jsRequire:bw
shadow$js$nativeRequires:$v
shadow$js$requireStack:aw
temp__5804__auto___39855$jscomp$inline_1681:lD
tick$core$_STAR_clock_STAR_:tC
tick$core$current_zone:uC
tick$core$unit_map:vC
tick$protocols$date:MA
tick$protocols$instant:KA
tick$protocols$millis:PA
tick$protocols$year:NA
tick$protocols$zone:OA
tick$protocols$zoned_date_time:LA
time_literals$read_write$print_date:jB
time_literals$read_write$print_date_time:kB
time_literals$read_write$print_day_of_week:qB
time_literals$read_write$print_duration:uB
time_literals$read_write$print_instant:nB
time_literals$read_write$print_month:sB
time_literals$read_write$print_month_day:tB
time_literals$read_write$print_offset_date_time:oB
time_literals$read_write$print_offset_time:mB
time_literals$read_write$print_period:iB
time_literals$read_write$print_time:rB
time_literals$read_write$print_to_string:hB
time_literals$read_write$print_year:vB
time_literals$read_write$print_year_month:wB
time_literals$read_write$print_zone:pB
time_literals$read_write$print_zoned_date_time:lB
vec__39574_39848$jscomp$inline_1679:jD
vec__39577_39862$jscomp$inline_1687:rD
